// Vitest Snapshot v1, https://vitest.dev/guide/snapshot.html

exports[`Box Component > matches snapshot 1`] = `
<DocumentFragment>
  <div
    class="Box"
  >
    <div />
    <button>
      X
    </button>
  </div>
</DocumentFragment>
`;
